Received data: Array
(
    [0] => Array
        (
            [Role] => student
            [matricule] => 1111
            [nom] => abdallah
            [prenom] => delhoum
            [level] => assistant a
            [binome_id] => 5
            [Password] => abdallah
            [niveau] => assistant a
        )

    [1] => Array
        (
            [Role] => student
            [matricule] => 2222
            [nom] => besis
            [prenom] => houcine
            [level] => asistant b
            [binome_id] => 5
            [Password] => besis
            [niveau] => asistant b
        )

    [2] => Array
        (
            [Role] => student
            [matricule] => 3333
            [nom] => anis
            [prenom] => chbab
            [level] => prof de cour
            [binome_id] => 2
            [Password] => anis
            [niveau] => prof de cour
        )

    [3] => Array
        (
            [Role] => student
            [matricule] => 4444
            [nom] => alhaq
            [prenom] => diaa
            [level] => prof de td
            [binome_id] => 2
            [Password] => diaa
            [niveau] => prof de td
        )

)

Successfully added student: 1111
Successfully added student: 2222
Successfully added student: 3333
Successfully added student: 4444
Received data: Array
(
    [0] => Array
        (
            [Role] => student
            [matricule] => 1111
            [nom] => abdallah
            [prenom] => delhoum
            [level] => assistant a
            [binome_id] => 5
            [Password] => abdallah
            [niveau] => assistant a
        )

    [1] => Array
        (
            [Role] => student
            [matricule] => 2222
            [nom] => besis
            [prenom] => houcine
            [level] => asistant b
            [binome_id] => 5
            [Password] => besis
            [niveau] => asistant b
        )

    [2] => Array
        (
            [Role] => student
            [matricule] => 3333
            [nom] => anis
            [prenom] => chbab
            [level] => prof de cour
            [binome_id] => 2
            [Password] => anis
            [niveau] => prof de cour
        )

    [3] => Array
        (
            [Role] => student
            [matricule] => 4444
            [nom] => alhaq
            [prenom] => diaa
            [level] => prof de td
            [binome_id] => 2
            [Password] => diaa
            [niveau] => prof de td
        )

)

Successfully added student: 1111
Successfully added student: 2222
Successfully added student: 3333
Successfully added student: 4444
Received data: Array
(
    [0] => Array
        (
            [Role] => supervisor
            [nom] => abdallah
            [prenom] => delhoum
            [Email] => abdallah@gmil.com
            [Grade] => assistant a
            [Password] => abdallah
        )

    [1] => Array
        (
            [Role] => supervisor
            [nom] => besis
            [prenom] => houcine
            [Email] => abdalla@gmil.com
            [Grade] => asistant b
            [Password] => besis
        )

    [2] => Array
        (
            [Role] => supervisor
            [nom] => anis
            [prenom] => chbab
            [Email] => abdall@gmil.com
            [Grade] => prof de cour
            [Password] => anis
        )

    [3] => Array
        (
            [Role] => supervisor
            [nom] => alhaq
            [prenom] => diaa
            [Email] => abdal@gmil.com
            [Grade] => prof de td
            [Password] => diaa
        )

)

Successfully added supervisor: abdallah@gmil.com
Successfully added supervisor: abdalla@gmil.com
Successfully added supervisor: abdall@gmil.com
Successfully added supervisor: abdal@gmil.com
Received data: Array
(
    [0] => Array
        (
            [Role] => student
            [matricule] => 1111
            [nom] => abdallah
            [prenom] => delhoum
            [level] => assistant a
            [binome_id] => 5
            [Password] => abdallah
            [niveau] => assistant a
        )

    [1] => Array
        (
            [Role] => student
            [matricule] => 2222
            [nom] => besis
            [prenom] => houcine
            [level] => asistant b
            [binome_id] => 5
            [Password] => besis
            [niveau] => asistant b
        )

    [2] => Array
        (
            [Role] => student
            [matricule] => 3333
            [nom] => anis
            [prenom] => chbab
            [level] => prof de cour
            [binome_id] => 2
            [Password] => anis
            [niveau] => prof de cour
        )

    [3] => Array
        (
            [Role] => student
            [matricule] => 4444
            [nom] => alhaq
            [prenom] => diaa
            [level] => prof de td
            [binome_id] => 2
            [Password] => diaa
            [niveau] => prof de td
        )

)

Successfully added student: 1111
Successfully added student: 2222
Successfully added student: 3333
Successfully added student: 4444
Received data: Array
(
    [0] => Array
        (
            [Role] => student
            [matricule] => 1111
            [nom] => abdallah
            [prenom] => delhoum
            [level] => assistant a
            [binome_id] => 5
            [Password] => abdallah
            [niveau] => assistant a
        )

    [1] => Array
        (
            [Role] => student
            [matricule] => 2222
            [nom] => besis
            [prenom] => houcine
            [level] => asistant b
            [binome_id] => 5
            [Password] => besis
            [niveau] => asistant b
        )

    [2] => Array
        (
            [Role] => student
            [matricule] => 3333
            [nom] => anis
            [prenom] => chbab
            [level] => prof de cour
            [binome_id] => 2
            [Password] => anis
            [niveau] => prof de cour
        )

    [3] => Array
        (
            [Role] => student
            [matricule] => 4444
            [nom] => alhaq
            [prenom] => diaa
            [level] => prof de td
            [binome_id] => 2
            [Password] => diaa
            [niveau] => prof de td
        )

)

Successfully added student: 1111
Successfully added student: 2222
Successfully added student: 3333
Successfully added student: 4444
Received data: Array
(
    [0] => Array
        (
            [Role] => student
            [matricule] => 1111
            [nom] => abdallah
            [prenom] => delhoum
            [level] => assistant a
            [binome_id] => 5
            [Password] => abdallah
            [niveau] => assistant a
        )

    [1] => Array
        (
            [Role] => student
            [matricule] => 2222
            [nom] => besis
            [prenom] => houcine
            [level] => asistant b
            [binome_id] => 5
            [Password] => besis
            [niveau] => asistant b
        )

    [2] => Array
        (
            [Role] => student
            [matricule] => 3333
            [nom] => anis
            [prenom] => chbab
            [level] => prof de cour
            [binome_id] => 2
            [Password] => anis
            [niveau] => prof de cour
        )

    [3] => Array
        (
            [Role] => student
            [matricule] => 4444
            [nom] => alhaq
            [prenom] => diaa
            [level] => prof de td
            [binome_id] => 2
            [Password] => diaa
            [niveau] => prof de td
        )

)

Successfully added student: 1111
Successfully added student: 2222
Successfully added student: 3333
Successfully added student: 4444
